Fatal error: Call to undefined method DtlIter::escapejs() in /home/rune/workspace/php-misc/php-dtl-iterator/tests/generated/018_escapejs.php on line 4