paragraph separator:\u000Aand line separator:\u000A