Notice: Undefined offset: 6 in /home/rune/workspace/php-misc/php-dtl-iterator/DtlIter.php on line 285
2000.0