Fatal error: Call to undefined method DtlIter::first() in /home/rune/workspace/php-misc/php-dtl-iterator/tests/generated/035_first.php on line 4