Fatal error: Call to undefined method DtlIter::floatformat() in /home/rune/workspace/php-misc/php-dtl-iterator/tests/generated/053_floatformat.php on line 4