Fatal error: Call to undefined method DtlIter::linebreaks() in /home/rune/workspace/php-misc/php-dtl-iterator/tests/generated/079_linebreaks.php on line 4