Fatal error: Call to undefined method DtlIter::linenumbers() in /home/rune/workspace/php-misc/php-dtl-iterator/tests/generated/081_linenumbers.php on line 5