Fatal error: Call to undefined method DtlIter::linenumbers() in /home/rune/workspace/php-misc/php-dtl-iterator/tests/django-generated/082_linenumbers.php on line 13