Fatal error: Call to undefined method DtlIter::slugify() in /home/rune/workspace/php-misc/php-dtl-iterator/tests/generated/091_slugify.php on line 4