Fatal error: Call to undefined method DtlIter::title() in /home/rune/workspace/php-misc/php-dtl-iterator/tests/generated/092_title.php on line 4