Fatal error: Call to undefined method DtlIter::truncatewords() in /home/rune/workspace/php-misc/php-dtl-iterator/tests/django-generated/093_truncatewords.php on line 4