Fatal error: Call to undefined method DtlIter::linebreaksbr() in /home/rune/workspace/php-misc/php-dtl-iterator/tests/django-generated/107_linebreaksbr.php on line 4