Fatal error: Call to undefined method DtlIter::pluralize() in /home/rune/workspace/php-misc/php-dtl-iterator/tests/django-generated/115_pluralize.php on line 5