some html with alert(&quot;You smell&quot;) disallowed  tags