Fatal error: Call to undefined method DtlIter::rjust() in /home/rune/workspace/php-misc/php-dtl-iterator/tests/django-generated/128_rjust.php on line 4