Fatal error: Call to undefined method DtlIter::slice_() in /home/rune/workspace/php-misc/php-dtl-iterator/tests/django-generated/132_slice_.php on line 4