Fatal error: Call to undefined method DtlIter::truncatewords_html() in /home/rune/workspace/php-misc/php-dtl-iterator/tests/django-generated/149_truncatewords_html.php on line 4