Fatal error: Call to undefined method DtlIter::unordered_list() in /home/rune/workspace/php-misc/php-dtl-iterator/tests/django-generated/156_unordered_list.php on line 12