Fatal error: Call to undefined method DtlIter::urlize() in /home/rune/workspace/php-misc/php-dtl-iterator/tests/django-generated/170_urlize.php on line 4