Fatal error: Call to undefined method DtlIter::urlize() in /home/rune/workspace/php-misc/php-dtl-iterator/tests/generated/172_urlize.php on line 4