Fatal error: Call to undefined method DtlIter::len() in /home/rune/workspace/php-misc/php-dtl-iterator/tests/django-generated/177_len.php on line 4