Fatal error: Call to undefined method DtlIter::urlizetrunc() in /home/rune/workspace/php-misc/php-dtl-iterator/tests/generated/180_urlizetrunc.php on line 4