Fatal error: Call to undefined method DtlIter::wordcount() in /home/rune/workspace/php-misc/php-dtl-iterator/tests/generated/181_wordcount.php on line 4