Fatal error: Call to undefined method DtlIter::wordwrap() in /home/rune/workspace/php-misc/php-dtl-iterator/tests/generated/186_wordwrap.php on line 5